2026-01-22T05:05:28.781312Z  INFO tailwindcss_oxide::scanner: Provided sources:
2026-01-22T05:05:28.781410Z  INFO tailwindcss_oxide::scanner: Source: PublicSourceEntry { base: "D:\\code\\smart-waring-system\\frontend", pattern: "**/*", negated: false }
2026-01-22T05:05:28.781539Z  INFO tailwindcss_oxide::scanner: Optimized sources:
2026-01-22T05:05:28.781548Z  INFO tailwindcss_oxide::scanner: Source: Auto { base: "D:\\code\\smart-waring-system\\frontend" }
2026-01-22T05:05:28.782610Z  INFO scan_sources: tailwindcss_oxide::scanner: enter
2026-01-22T05:05:28.783675Z  INFO scan_sources: tailwindcss_oxide::scanner: Discovering "D:\\code\\smart-waring-system\\frontend\\eslint.config.mjs"
2026-01-22T05:05:28.784021Z  INFO scan_sources: tailwindcss_oxide::scanner: Discovering "D:\\code\\smart-waring-system\\frontend\\next.config.ts"
2026-01-22T05:05:28.784210Z  INFO scan_sources: tailwindcss_oxide::scanner: Discovering "D:\\code\\smart-waring-system\\frontend\\package.json"
2026-01-22T05:05:28.784264Z  INFO scan_sources: tailwindcss_oxide::scanner: Discovering "D:\\code\\smart-waring-system\\frontend\\postcss.config.mjs"
2026-01-22T05:05:28.784414Z  INFO scan_sources: tailwindcss_oxide::scanner: Discovering "D:\\code\\smart-waring-system\\frontend\\public"
2026-01-22T05:05:28.784518Z  INFO scan_sources: tailwindcss_oxide::scanner: Discovering "D:\\code\\smart-waring-system\\frontend\\public\\file.svg"
2026-01-22T05:05:28.784561Z  INFO scan_sources: tailwindcss_oxide::scanner: Discovering "D:\\code\\smart-waring-system\\frontend\\public\\globe.svg"
2026-01-22T05:05:28.784608Z  INFO scan_sources: tailwindcss_oxide::scanner: Discovering "D:\\code\\smart-waring-system\\frontend\\public\\next.svg"
2026-01-22T05:05:28.784649Z  INFO scan_sources: tailwindcss_oxide::scanner: Discovering "D:\\code\\smart-waring-system\\frontend\\public\\vercel.svg"
2026-01-22T05:05:28.784695Z  INFO scan_sources: tailwindcss_oxide::scanner: Discovering "D:\\code\\smart-waring-system\\frontend\\public\\window.svg"
2026-01-22T05:05:28.784762Z  INFO scan_sources: tailwindcss_oxide::scanner: Discovering "D:\\code\\smart-waring-system\\frontend\\README.md"
2026-01-22T05:05:28.784848Z  INFO scan_sources: tailwindcss_oxide::scanner: Discovering "D:\\code\\smart-waring-system\\frontend\\src"
2026-01-22T05:05:28.785011Z  INFO scan_sources: tailwindcss_oxide::scanner: Discovering "D:\\code\\smart-waring-system\\frontend\\src\\app"
2026-01-22T05:05:28.785145Z  INFO scan_sources: tailwindcss_oxide::scanner: Discovering "D:\\code\\smart-waring-system\\frontend\\src\\app\\categories"
2026-01-22T05:05:28.785236Z  INFO scan_sources: tailwindcss_oxide::scanner: Discovering "D:\\code\\smart-waring-system\\frontend\\src\\app\\categories\\page.tsx"
2026-01-22T05:05:28.785342Z  INFO scan_sources: tailwindcss_oxide::scanner: Discovering "D:\\code\\smart-waring-system\\frontend\\src\\app\\dashboard"
2026-01-22T05:05:28.785418Z  INFO scan_sources: tailwindcss_oxide::scanner: Discovering "D:\\code\\smart-waring-system\\frontend\\src\\app\\dashboard\\page.tsx"
2026-01-22T05:05:28.785478Z  INFO scan_sources: tailwindcss_oxide::scanner: Discovering "D:\\code\\smart-waring-system\\frontend\\src\\app\\globals.css"
2026-01-22T05:05:28.785550Z  INFO scan_sources: tailwindcss_oxide::scanner: Discovering "D:\\code\\smart-waring-system\\frontend\\src\\app\\inbound"
2026-01-22T05:05:28.785646Z  INFO scan_sources: tailwindcss_oxide::scanner: Discovering "D:\\code\\smart-waring-system\\frontend\\src\\app\\inbound\\page.tsx"
2026-01-22T05:05:28.785702Z  INFO scan_sources: tailwindcss_oxide::scanner: Discovering "D:\\code\\smart-waring-system\\frontend\\src\\app\\layout.tsx"
2026-01-22T05:05:28.785788Z  INFO scan_sources: tailwindcss_oxide::scanner: Discovering "D:\\code\\smart-waring-system\\frontend\\src\\app\\login"
2026-01-22T05:05:28.785871Z  INFO scan_sources: tailwindcss_oxide::scanner: Discovering "D:\\code\\smart-waring-system\\frontend\\src\\app\\login\\page.tsx"
2026-01-22T05:05:28.785953Z  INFO scan_sources: tailwindcss_oxide::scanner: Discovering "D:\\code\\smart-waring-system\\frontend\\src\\app\\logs"
2026-01-22T05:05:28.786060Z  INFO scan_sources: tailwindcss_oxide::scanner: Discovering "D:\\code\\smart-waring-system\\frontend\\src\\app\\logs\\page.tsx"
2026-01-22T05:05:28.786160Z  INFO scan_sources: tailwindcss_oxide::scanner: Discovering "D:\\code\\smart-waring-system\\frontend\\src\\app\\outbound"
2026-01-22T05:05:28.786241Z  INFO scan_sources: tailwindcss_oxide::scanner: Discovering "D:\\code\\smart-waring-system\\frontend\\src\\app\\outbound\\page.tsx"
2026-01-22T05:05:28.786304Z  INFO scan_sources: tailwindcss_oxide::scanner: Discovering "D:\\code\\smart-waring-system\\frontend\\src\\app\\page.tsx"
2026-01-22T05:05:28.786384Z  INFO scan_sources: tailwindcss_oxide::scanner: Discovering "D:\\code\\smart-waring-system\\frontend\\src\\app\\products"
2026-01-22T05:05:28.786523Z  INFO scan_sources: tailwindcss_oxide::scanner: Discovering "D:\\code\\smart-waring-system\\frontend\\src\\app\\products\\new"
2026-01-22T05:05:28.786601Z  INFO scan_sources: tailwindcss_oxide::scanner: Discovering "D:\\code\\smart-waring-system\\frontend\\src\\app\\products\\new\\page.tsx"
2026-01-22T05:05:28.786662Z  INFO scan_sources: tailwindcss_oxide::scanner: Discovering "D:\\code\\smart-waring-system\\frontend\\src\\app\\products\\page.tsx"
2026-01-22T05:05:28.786746Z  INFO scan_sources: tailwindcss_oxide::scanner: Discovering "D:\\code\\smart-waring-system\\frontend\\src\\app\\products\\[id]"
2026-01-22T05:05:28.786847Z  INFO scan_sources: tailwindcss_oxide::scanner: Discovering "D:\\code\\smart-waring-system\\frontend\\src\\app\\products\\[id]\\edit"
2026-01-22T05:05:28.786929Z  INFO scan_sources: tailwindcss_oxide::scanner: Discovering "D:\\code\\smart-waring-system\\frontend\\src\\app\\products\\[id]\\edit\\page.tsx"
2026-01-22T05:05:28.787054Z  INFO scan_sources: tailwindcss_oxide::scanner: Discovering "D:\\code\\smart-waring-system\\frontend\\src\\app\\suppliers"
2026-01-22T05:05:28.787168Z  INFO scan_sources: tailwindcss_oxide::scanner: Discovering "D:\\code\\smart-waring-system\\frontend\\src\\app\\suppliers\\new"
2026-01-22T05:05:28.787236Z  INFO scan_sources: tailwindcss_oxide::scanner: Discovering "D:\\code\\smart-waring-system\\frontend\\src\\app\\suppliers\\new\\page.tsx"
2026-01-22T05:05:28.787281Z  INFO scan_sources: tailwindcss_oxide::scanner: Discovering "D:\\code\\smart-waring-system\\frontend\\src\\app\\suppliers\\page.tsx"
2026-01-22T05:05:28.787356Z  INFO scan_sources: tailwindcss_oxide::scanner: Discovering "D:\\code\\smart-waring-system\\frontend\\src\\app\\suppliers\\[id]"
2026-01-22T05:05:28.787483Z  INFO scan_sources: tailwindcss_oxide::scanner: Discovering "D:\\code\\smart-waring-system\\frontend\\src\\app\\suppliers\\[id]\\edit"
2026-01-22T05:05:28.787565Z  INFO scan_sources: tailwindcss_oxide::scanner: Discovering "D:\\code\\smart-waring-system\\frontend\\src\\app\\suppliers\\[id]\\edit\\page.tsx"
2026-01-22T05:05:28.787678Z  INFO scan_sources: tailwindcss_oxide::scanner: Discovering "D:\\code\\smart-waring-system\\frontend\\src\\app\\users"
2026-01-22T05:05:28.787768Z  INFO scan_sources: tailwindcss_oxide::scanner: Discovering "D:\\code\\smart-waring-system\\frontend\\src\\app\\users\\page.tsx"
2026-01-22T05:05:28.787907Z  INFO scan_sources: tailwindcss_oxide::scanner: Discovering "D:\\code\\smart-waring-system\\frontend\\src\\components"
2026-01-22T05:05:28.788142Z  INFO scan_sources: tailwindcss_oxide::scanner: Discovering "D:\\code\\smart-waring-system\\frontend\\src\\components\\features"
2026-01-22T05:05:28.788268Z  INFO scan_sources: tailwindcss_oxide::scanner: Discovering "D:\\code\\smart-waring-system\\frontend\\src\\components\\features\\.gitkeep"
2026-01-22T05:05:28.788348Z  INFO scan_sources: tailwindcss_oxide::scanner: Discovering "D:\\code\\smart-waring-system\\frontend\\src\\components\\features\\BatchInboundTable.tsx"
2026-01-22T05:05:28.788409Z  INFO scan_sources: tailwindcss_oxide::scanner: Discovering "D:\\code\\smart-waring-system\\frontend\\src\\components\\features\\CategoryForm.tsx"
2026-01-22T05:05:28.788468Z  INFO scan_sources: tailwindcss_oxide::scanner: Discovering "D:\\code\\smart-waring-system\\frontend\\src\\components\\features\\CategoryTree.tsx"
2026-01-22T05:05:28.788554Z  INFO scan_sources: tailwindcss_oxide::scanner: Discovering "D:\\code\\smart-waring-system\\frontend\\src\\components\\features\\InboundForm.tsx"
2026-01-22T05:05:28.788601Z  INFO scan_sources: tailwindcss_oxide::scanner: Discovering "D:\\code\\smart-waring-system\\frontend\\src\\components\\features\\OutboundForm.tsx"
2026-01-22T05:05:28.788645Z  INFO scan_sources: tailwindcss_oxide::scanner: Discovering "D:\\code\\smart-waring-system\\frontend\\src\\components\\features\\ProductForm.tsx"
2026-01-22T05:05:28.788694Z  INFO scan_sources: tailwindcss_oxide::scanner: Discovering "D:\\code\\smart-waring-system\\frontend\\src\\components\\features\\SupplierForm.tsx"
2026-01-22T05:05:28.788750Z  INFO scan_sources: tailwindcss_oxide::scanner: Discovering "D:\\code\\smart-waring-system\\frontend\\src\\components\\features\\UserForm.tsx"
2026-01-22T05:05:28.788873Z  INFO scan_sources: tailwindcss_oxide::scanner: Discovering "D:\\code\\smart-waring-system\\frontend\\src\\components\\layout"
2026-01-22T05:05:28.788972Z  INFO scan_sources: tailwindcss_oxide::scanner: Discovering "D:\\code\\smart-waring-system\\frontend\\src\\components\\layout\\index.ts"
2026-01-22T05:05:28.789027Z  INFO scan_sources: tailwindcss_oxide::scanner: Discovering "D:\\code\\smart-waring-system\\frontend\\src\\components\\layout\\Layout.tsx"
2026-01-22T05:05:28.789071Z  INFO scan_sources: tailwindcss_oxide::scanner: Discovering "D:\\code\\smart-waring-system\\frontend\\src\\components\\layout\\Navbar.tsx"
2026-01-22T05:05:28.789182Z  INFO scan_sources: tailwindcss_oxide::scanner: Discovering "D:\\code\\smart-waring-system\\frontend\\src\\components\\ui"
2026-01-22T05:05:28.789274Z  INFO scan_sources: tailwindcss_oxide::scanner: Discovering "D:\\code\\smart-waring-system\\frontend\\src\\components\\ui\\Button.tsx"
2026-01-22T05:05:28.789318Z  INFO scan_sources: tailwindcss_oxide::scanner: Discovering "D:\\code\\smart-waring-system\\frontend\\src\\components\\ui\\Card.tsx"
2026-01-22T05:05:28.789359Z  INFO scan_sources: tailwindcss_oxide::scanner: Discovering "D:\\code\\smart-waring-system\\frontend\\src\\components\\ui\\index.ts"
2026-01-22T05:05:28.789401Z  INFO scan_sources: tailwindcss_oxide::scanner: Discovering "D:\\code\\smart-waring-system\\frontend\\src\\components\\ui\\Input.tsx"
2026-01-22T05:05:28.789439Z  INFO scan_sources: tailwindcss_oxide::scanner: Discovering "D:\\code\\smart-waring-system\\frontend\\src\\components\\ui\\Modal.tsx"
2026-01-22T05:05:28.789485Z  INFO scan_sources: tailwindcss_oxide::scanner: Discovering "D:\\code\\smart-waring-system\\frontend\\src\\components\\ui\\Pagination.tsx"
2026-01-22T05:05:28.789521Z  INFO scan_sources: tailwindcss_oxide::scanner: Discovering "D:\\code\\smart-waring-system\\frontend\\src\\components\\ui\\Skeleton.tsx"
2026-01-22T05:05:28.789580Z  INFO scan_sources: tailwindcss_oxide::scanner: Discovering "D:\\code\\smart-waring-system\\frontend\\src\\components\\ui\\Table.tsx"
2026-01-22T05:05:28.789706Z  INFO scan_sources: tailwindcss_oxide::scanner: Discovering "D:\\code\\smart-waring-system\\frontend\\src\\hooks"
2026-01-22T05:05:28.789788Z  INFO scan_sources: tailwindcss_oxide::scanner: Discovering "D:\\code\\smart-waring-system\\frontend\\src\\hooks\\index.ts"
2026-01-22T05:05:28.789835Z  INFO scan_sources: tailwindcss_oxide::scanner: Discovering "D:\\code\\smart-waring-system\\frontend\\src\\hooks\\useAuth.ts"
2026-01-22T05:05:28.789883Z  INFO scan_sources: tailwindcss_oxide::scanner: Discovering "D:\\code\\smart-waring-system\\frontend\\src\\hooks\\useDashboard.ts"
2026-01-22T05:05:28.789931Z  INFO scan_sources: tailwindcss_oxide::scanner: Discovering "D:\\code\\smart-waring-system\\frontend\\src\\hooks\\useInventory.ts"
2026-01-22T05:05:28.789990Z  INFO scan_sources: tailwindcss_oxide::scanner: Discovering "D:\\code\\smart-waring-system\\frontend\\src\\hooks\\useLogs.ts"
2026-01-22T05:05:28.790043Z  INFO scan_sources: tailwindcss_oxide::scanner: Discovering "D:\\code\\smart-waring-system\\frontend\\src\\hooks\\useProducts.ts"
2026-01-22T05:05:28.790095Z  INFO scan_sources: tailwindcss_oxide::scanner: Discovering "D:\\code\\smart-waring-system\\frontend\\src\\hooks\\useSuppliers.ts"
2026-01-22T05:05:28.790148Z  INFO scan_sources: tailwindcss_oxide::scanner: Discovering "D:\\code\\smart-waring-system\\frontend\\src\\hooks\\useUsers.ts"
2026-01-22T05:05:28.790228Z  INFO scan_sources: tailwindcss_oxide::scanner: Discovering "D:\\code\\smart-waring-system\\frontend\\src\\lib"
2026-01-22T05:05:28.790341Z  INFO scan_sources: tailwindcss_oxide::scanner: Discovering "D:\\code\\smart-waring-system\\frontend\\src\\lib\\design-tokens.ts"
2026-01-22T05:05:28.790413Z  INFO scan_sources: tailwindcss_oxide::scanner: Discovering "D:\\code\\smart-waring-system\\frontend\\src\\middleware.ts"
2026-01-22T05:05:28.790514Z  INFO scan_sources: tailwindcss_oxide::scanner: Discovering "D:\\code\\smart-waring-system\\frontend\\src\\services"
2026-01-22T05:05:28.790609Z  INFO scan_sources: tailwindcss_oxide::scanner: Discovering "D:\\code\\smart-waring-system\\frontend\\src\\services\\api.ts"
2026-01-22T05:05:28.790667Z  INFO scan_sources: tailwindcss_oxide::scanner: Discovering "D:\\code\\smart-waring-system\\frontend\\src\\services\\auth.service.ts"
2026-01-22T05:05:28.790725Z  INFO scan_sources: tailwindcss_oxide::scanner: Discovering "D:\\code\\smart-waring-system\\frontend\\src\\services\\category.service.ts"
2026-01-22T05:05:28.790770Z  INFO scan_sources: tailwindcss_oxide::scanner: Discovering "D:\\code\\smart-waring-system\\frontend\\src\\services\\dashboard.service.ts"
2026-01-22T05:05:28.790810Z  INFO scan_sources: tailwindcss_oxide::scanner: Discovering "D:\\code\\smart-waring-system\\frontend\\src\\services\\inventory.service.ts"
2026-01-22T05:05:28.790858Z  INFO scan_sources: tailwindcss_oxide::scanner: Discovering "D:\\code\\smart-waring-system\\frontend\\src\\services\\log.service.ts"
2026-01-22T05:05:28.790915Z  INFO scan_sources: tailwindcss_oxide::scanner: Discovering "D:\\code\\smart-waring-system\\frontend\\src\\services\\product.service.ts"
2026-01-22T05:05:28.790971Z  INFO scan_sources: tailwindcss_oxide::scanner: Discovering "D:\\code\\smart-waring-system\\frontend\\src\\services\\supplier.service.ts"
2026-01-22T05:05:28.791008Z  INFO scan_sources: tailwindcss_oxide::scanner: Discovering "D:\\code\\smart-waring-system\\frontend\\src\\services\\user.service.ts"
2026-01-22T05:05:28.791094Z  INFO scan_sources: tailwindcss_oxide::scanner: Discovering "D:\\code\\smart-waring-system\\frontend\\src\\stores"
2026-01-22T05:05:28.791173Z  INFO scan_sources: tailwindcss_oxide::scanner: Discovering "D:\\code\\smart-waring-system\\frontend\\src\\stores\\index.ts"
2026-01-22T05:05:28.791260Z  INFO scan_sources: tailwindcss_oxide::scanner: Discovering "D:\\code\\smart-waring-system\\frontend\\src\\styles"
2026-01-22T05:05:28.791337Z  INFO scan_sources: tailwindcss_oxide::scanner: Discovering "D:\\code\\smart-waring-system\\frontend\\src\\styles\\globals.css"
2026-01-22T05:05:28.791441Z  INFO scan_sources: tailwindcss_oxide::scanner: Discovering "D:\\code\\smart-waring-system\\frontend\\tsconfig.json"
2026-01-22T05:05:28.791521Z  INFO scan_sources: tailwindcss_oxide::scanner: exit
2026-01-22T05:05:28.791528Z  INFO extract_candidates: tailwindcss_oxide::scanner: enter
2026-01-22T05:05:28.791532Z  INFO extract_candidates:read_all_files: tailwindcss_oxide::scanner: enter
2026-01-22T05:05:28.791543Z  INFO extract_candidates:read_all_files: tailwindcss_oxide::scanner: Reading 66 file(s)
2026-01-22T05:05:28.792241Z  INFO tailwindcss_oxide::scanner: Reading "D:\\code\\smart-waring-system\\frontend\\src\\components\\features\\UserForm.tsx"
2026-01-22T05:05:28.792257Z  INFO tailwindcss_oxide::scanner: Reading "D:\\code\\smart-waring-system\\frontend\\package.json"
2026-01-22T05:05:28.792266Z  INFO tailwindcss_oxide::scanner: Reading "D:\\code\\smart-waring-system\\frontend\\public\\window.svg"
2026-01-22T05:05:28.792266Z  INFO tailwindcss_oxide::scanner: Reading "D:\\code\\smart-waring-system\\frontend\\src\\app\\outbound\\page.tsx"
2026-01-22T05:05:28.792323Z  INFO tailwindcss_oxide::scanner: Reading "D:\\code\\smart-waring-system\\frontend\\src\\components\\features\\CategoryTree.tsx"
2026-01-22T05:05:28.792254Z  INFO tailwindcss_oxide::scanner: Reading "D:\\code\\smart-waring-system\\frontend\\eslint.config.mjs"
2026-01-22T05:05:28.792267Z  INFO tailwindcss_oxide::scanner: Reading "D:\\code\\smart-waring-system\\frontend\\public\\file.svg"
2026-01-22T05:05:28.792293Z  INFO tailwindcss_oxide::scanner: Reading "D:\\code\\smart-waring-system\\frontend\\src\\app\\users\\page.tsx"
2026-01-22T05:05:28.792391Z  INFO tailwindcss_oxide::scanner: Reading "D:\\code\\smart-waring-system\\frontend\\README.md"
2026-01-22T05:05:28.792397Z  INFO tailwindcss_oxide::scanner: Reading "D:\\code\\smart-waring-system\\frontend\\postcss.config.mjs"
2026-01-22T05:05:28.792267Z  INFO tailwindcss_oxide::scanner: Reading "D:\\code\\smart-waring-system\\frontend\\public\\next.svg"
2026-01-22T05:05:28.792450Z  INFO tailwindcss_oxide::scanner: Reading "D:\\code\\smart-waring-system\\frontend\\public\\globe.svg"
2026-01-22T05:05:28.792476Z  INFO tailwindcss_oxide::scanner: Reading "D:\\code\\smart-waring-system\\frontend\\src\\components\\features\\.gitkeep"
2026-01-22T05:05:28.792482Z  INFO tailwindcss_oxide::scanner: Reading "D:\\code\\smart-waring-system\\frontend\\src\\components\\features\\OutboundForm.tsx"
2026-01-22T05:05:28.792305Z  INFO tailwindcss_oxide::scanner: Reading "D:\\code\\smart-waring-system\\frontend\\public\\vercel.svg"
2026-01-22T05:05:28.792401Z  INFO tailwindcss_oxide::scanner: Reading "D:\\code\\smart-waring-system\\frontend\\src\\app\\inbound\\page.tsx"
2026-01-22T05:05:28.792451Z  INFO tailwindcss_oxide::scanner: Reading "D:\\code\\smart-waring-system\\frontend\\src\\components\\features\\InboundForm.tsx"
2026-01-22T05:05:28.792369Z  INFO tailwindcss_oxide::scanner: Reading "D:\\code\\smart-waring-system\\frontend\\src\\components\\layout\\index.ts"
2026-01-22T05:05:28.792476Z  INFO tailwindcss_oxide::scanner: Reading "D:\\code\\smart-waring-system\\frontend\\src\\app\\page.tsx"
2026-01-22T05:05:28.792232Z  INFO tailwindcss_oxide::scanner: Reading "D:\\code\\smart-waring-system\\frontend\\next.config.ts"
2026-01-22T05:05:28.792563Z  INFO tailwindcss_oxide::scanner: Reading "D:\\code\\smart-waring-system\\frontend\\src\\components\\ui\\Modal.tsx"
2026-01-22T05:05:28.792558Z  INFO tailwindcss_oxide::scanner: Reading "D:\\code\\smart-waring-system\\frontend\\src\\hooks\\useLogs.ts"
2026-01-22T05:05:28.792484Z  INFO tailwindcss_oxide::scanner: Reading "D:\\code\\smart-waring-system\\frontend\\src\\app\\dashboard\\page.tsx"
2026-01-22T05:05:28.792489Z  INFO tailwindcss_oxide::scanner: Reading "D:\\code\\smart-waring-system\\frontend\\src\\app\\logs\\page.tsx"
2026-01-22T05:05:28.792577Z  INFO tailwindcss_oxide::scanner: Reading "D:\\code\\smart-waring-system\\frontend\\src\\services\\category.service.ts"
2026-01-22T05:05:28.792615Z  INFO tailwindcss_oxide::scanner: Reading "D:\\code\\smart-waring-system\\frontend\\src\\app\\products\\[id]\\edit\\page.tsx"
2026-01-22T05:05:28.792604Z  INFO tailwindcss_oxide::scanner: Reading "D:\\code\\smart-waring-system\\frontend\\src\\services\\product.service.ts"
2026-01-22T05:05:28.792510Z  INFO tailwindcss_oxide::scanner: Reading "D:\\code\\smart-waring-system\\frontend\\src\\app\\login\\page.tsx"
2026-01-22T05:05:28.792644Z  INFO tailwindcss_oxide::scanner: Reading "D:\\code\\smart-waring-system\\frontend\\src\\app\\products\\new\\page.tsx"
2026-01-22T05:05:28.792626Z  INFO tailwindcss_oxide::scanner: Reading "D:\\code\\smart-waring-system\\frontend\\src\\app\\layout.tsx"
2026-01-22T05:05:28.792480Z  INFO tailwindcss_oxide::scanner: Reading "D:\\code\\smart-waring-system\\frontend\\src\\app\\categories\\page.tsx"
2026-01-22T05:05:28.792602Z  INFO tailwindcss_oxide::scanner: Reading "D:\\code\\smart-waring-system\\frontend\\src\\components\\features\\ProductForm.tsx"
2026-01-22T05:05:28.792722Z  INFO tailwindcss_oxide::scanner: Reading "D:\\code\\smart-waring-system\\frontend\\src\\services\\dashboard.service.ts"
2026-01-22T05:05:28.792626Z  INFO tailwindcss_oxide::scanner: Reading "D:\\code\\smart-waring-system\\frontend\\src\\app\\suppliers\\page.tsx"
2026-01-22T05:05:28.792881Z  INFO tailwindcss_oxide::scanner: Reading "D:\\code\\smart-waring-system\\frontend\\src\\services\\user.service.ts"
2026-01-22T05:05:28.792493Z  INFO tailwindcss_oxide::scanner: Reading "D:\\code\\smart-waring-system\\frontend\\src\\components\\features\\BatchInboundTable.tsx"
2026-01-22T05:05:28.792904Z  INFO tailwindcss_oxide::scanner: Reading "D:\\code\\smart-waring-system\\frontend\\src\\hooks\\useInventory.ts"
2026-01-22T05:05:28.792626Z  INFO tailwindcss_oxide::scanner: Reading "D:\\code\\smart-waring-system\\frontend\\src\\components\\layout\\Layout.tsx"
2026-01-22T05:05:28.792647Z  INFO tailwindcss_oxide::scanner: Reading "D:\\code\\smart-waring-system\\frontend\\src\\components\\ui\\Pagination.tsx"
2026-01-22T05:05:28.792722Z  INFO tailwindcss_oxide::scanner: Reading "D:\\code\\smart-waring-system\\frontend\\src\\lib\\design-tokens.ts"
2026-01-22T05:05:28.792971Z  INFO tailwindcss_oxide::scanner: Reading "D:\\code\\smart-waring-system\\frontend\\src\\hooks\\useUsers.ts"
2026-01-22T05:05:28.792606Z  INFO tailwindcss_oxide::scanner: Reading "D:\\code\\smart-waring-system\\frontend\\src\\components\\features\\CategoryForm.tsx"
2026-01-22T05:05:28.792986Z  INFO tailwindcss_oxide::scanner: Reading "D:\\code\\smart-waring-system\\frontend\\src\\services\\inventory.service.ts"
2026-01-22T05:05:28.792726Z  INFO tailwindcss_oxide::scanner: Reading "D:\\code\\smart-waring-system\\frontend\\src\\hooks\\index.ts"
2026-01-22T05:05:28.792999Z  INFO tailwindcss_oxide::scanner: Reading "D:\\code\\smart-waring-system\\frontend\\src\\components\\ui\\index.ts"
2026-01-22T05:05:28.792743Z  INFO tailwindcss_oxide::scanner: Reading "D:\\code\\smart-waring-system\\frontend\\src\\services\\supplier.service.ts"
2026-01-22T05:05:28.792781Z  INFO tailwindcss_oxide::scanner: Reading "D:\\code\\smart-waring-system\\frontend\\src\\components\\layout\\Navbar.tsx"
2026-01-22T05:05:28.793019Z  INFO tailwindcss_oxide::scanner: Reading "D:\\code\\smart-waring-system\\frontend\\src\\middleware.ts"
2026-01-22T05:05:28.792784Z  INFO tailwindcss_oxide::scanner: Reading "D:\\code\\smart-waring-system\\frontend\\src\\hooks\\useSuppliers.ts"
2026-01-22T05:05:28.792784Z  INFO tailwindcss_oxide::scanner: Reading "D:\\code\\smart-waring-system\\frontend\\src\\components\\ui\\Button.tsx"
2026-01-22T05:05:28.792790Z  INFO tailwindcss_oxide::scanner: Reading "D:\\code\\smart-waring-system\\frontend\\src\\app\\products\\page.tsx"
2026-01-22T05:05:28.792792Z  INFO tailwindcss_oxide::scanner: Reading "D:\\code\\smart-waring-system\\frontend\\src\\hooks\\useProducts.ts"
2026-01-22T05:05:28.792800Z  INFO tailwindcss_oxide::scanner: Reading "D:\\code\\smart-waring-system\\frontend\\src\\components\\features\\SupplierForm.tsx"
2026-01-22T05:05:28.792798Z  INFO tailwindcss_oxide::scanner: Reading "D:\\code\\smart-waring-system\\frontend\\src\\components\\ui\\Skeleton.tsx"
2026-01-22T05:05:28.792799Z  INFO tailwindcss_oxide::scanner: Reading "D:\\code\\smart-waring-system\\frontend\\src\\services\\auth.service.ts"
2026-01-22T05:05:28.793089Z  INFO tailwindcss_oxide::scanner: Reading "D:\\code\\smart-waring-system\\frontend\\src\\services\\log.service.ts"
2026-01-22T05:05:28.792804Z  INFO tailwindcss_oxide::scanner: Reading "D:\\code\\smart-waring-system\\frontend\\src\\services\\api.ts"
2026-01-22T05:05:28.792817Z  INFO tailwindcss_oxide::scanner: Reading "D:\\code\\smart-waring-system\\frontend\\src\\hooks\\useDashboard.ts"
2026-01-22T05:05:28.792824Z  INFO tailwindcss_oxide::scanner: Reading "D:\\code\\smart-waring-system\\frontend\\src\\hooks\\useAuth.ts"
2026-01-22T05:05:28.792644Z  INFO tailwindcss_oxide::scanner: Reading "D:\\code\\smart-waring-system\\frontend\\src\\app\\suppliers\\new\\page.tsx"
2026-01-22T05:05:28.792985Z  INFO tailwindcss_oxide::scanner: Reading "D:\\code\\smart-waring-system\\frontend\\src\\stores\\index.ts"
2026-01-22T05:05:28.792994Z  INFO tailwindcss_oxide::scanner: Reading "D:\\code\\smart-waring-system\\frontend\\tsconfig.json"
2026-01-22T05:05:28.792992Z  INFO tailwindcss_oxide::scanner: Reading "D:\\code\\smart-waring-system\\frontend\\src\\components\\ui\\Input.tsx"
2026-01-22T05:05:28.792997Z  INFO tailwindcss_oxide::scanner: Reading "D:\\code\\smart-waring-system\\frontend\\src\\components\\ui\\Card.tsx"
2026-01-22T05:05:28.792742Z  INFO tailwindcss_oxide::scanner: Reading "D:\\code\\smart-waring-system\\frontend\\src\\app\\suppliers\\[id]\\edit\\page.tsx"
2026-01-22T05:05:28.793031Z  INFO tailwindcss_oxide::scanner: Reading "D:\\code\\smart-waring-system\\frontend\\src\\components\\ui\\Table.tsx"
2026-01-22T05:05:28.793309Z  INFO extract_candidates:read_all_files: tailwindcss_oxide::scanner: exit
2026-01-22T05:05:28.793320Z  INFO extract_candidates:parse_all_blobs: tailwindcss_oxide::scanner: enter
2026-01-22T05:05:28.793326Z  INFO extract_candidates:parse_all_blobs:extract: tailwindcss_oxide::scanner: enter
2026-01-22T05:05:28.794779Z  INFO extract_candidates:parse_all_blobs:extract: tailwindcss_oxide::scanner: exit
2026-01-22T05:05:28.794798Z  INFO extract_candidates:parse_all_blobs: tailwindcss_oxide::scanner: exit
2026-01-22T05:05:28.794802Z  INFO extract_candidates:read_all_files: tailwindcss_oxide::scanner: enter
2026-01-22T05:05:28.794804Z  INFO extract_candidates:read_all_files: tailwindcss_oxide::scanner: Reading 2 file(s)
2026-01-22T05:05:28.794901Z  INFO tailwindcss_oxide::scanner: Reading "D:\\code\\smart-waring-system\\frontend\\src\\styles\\globals.css"
2026-01-22T05:05:28.794907Z  INFO tailwindcss_oxide::scanner: Reading "D:\\code\\smart-waring-system\\frontend\\src\\app\\globals.css"
2026-01-22T05:05:28.794924Z  INFO extract_candidates:read_all_files: tailwindcss_oxide::scanner: exit
2026-01-22T05:05:28.794939Z  INFO extract_candidates:extract_css_variables: tailwindcss_oxide::scanner: enter
2026-01-22T05:05:28.794943Z  INFO extract_candidates:extract_css_variables:extract: tailwindcss_oxide::scanner: enter
2026-01-22T05:05:28.795099Z  INFO extract_candidates:extract_css_variables:extract: tailwindcss_oxide::scanner: exit
2026-01-22T05:05:28.795110Z  INFO extract_candidates:extract_css_variables: tailwindcss_oxide::scanner: exit
2026-01-22T05:05:28.795930Z  INFO extract_candidates: tailwindcss_oxide::scanner: exit
2026-01-22T05:05:28.796493Z  INFO get_files: tailwindcss_oxide::scanner: enter
2026-01-22T05:05:28.796500Z  INFO get_files:scan_sources: tailwindcss_oxide::scanner: enter
2026-01-22T05:05:28.797761Z  INFO get_files:scan_sources: tailwindcss_oxide::scanner: Discovering "D:\\code\\smart-waring-system\\frontend\\public"
2026-01-22T05:05:28.798026Z  INFO get_files:scan_sources: tailwindcss_oxide::scanner: Discovering "D:\\code\\smart-waring-system\\frontend\\src"
2026-01-22T05:05:28.798189Z  INFO get_files:scan_sources: tailwindcss_oxide::scanner: Discovering "D:\\code\\smart-waring-system\\frontend\\src\\app"
2026-01-22T05:05:28.798303Z  INFO get_files:scan_sources: tailwindcss_oxide::scanner: Discovering "D:\\code\\smart-waring-system\\frontend\\src\\app\\categories"
2026-01-22T05:05:28.798445Z  INFO get_files:scan_sources: tailwindcss_oxide::scanner: Discovering "D:\\code\\smart-waring-system\\frontend\\src\\app\\dashboard"
2026-01-22T05:05:28.798632Z  INFO get_files:scan_sources: tailwindcss_oxide::scanner: Discovering "D:\\code\\smart-waring-system\\frontend\\src\\app\\inbound"
2026-01-22T05:05:28.798782Z  INFO get_files:scan_sources: tailwindcss_oxide::scanner: Discovering "D:\\code\\smart-waring-system\\frontend\\src\\app\\login"
2026-01-22T05:05:28.798912Z  INFO get_files:scan_sources: tailwindcss_oxide::scanner: Discovering "D:\\code\\smart-waring-system\\frontend\\src\\app\\logs"
2026-01-22T05:05:28.799040Z  INFO get_files:scan_sources: tailwindcss_oxide::scanner: Discovering "D:\\code\\smart-waring-system\\frontend\\src\\app\\outbound"
2026-01-22T05:05:28.799188Z  INFO get_files:scan_sources: tailwindcss_oxide::scanner: Discovering "D:\\code\\smart-waring-system\\frontend\\src\\app\\products"
2026-01-22T05:05:28.799283Z  INFO get_files:scan_sources: tailwindcss_oxide::scanner: Discovering "D:\\code\\smart-waring-system\\frontend\\src\\app\\products\\new"
2026-01-22T05:05:28.799419Z  INFO get_files:scan_sources: tailwindcss_oxide::scanner: Discovering "D:\\code\\smart-waring-system\\frontend\\src\\app\\products\\[id]"
2026-01-22T05:05:28.799535Z  INFO get_files:scan_sources: tailwindcss_oxide::scanner: Discovering "D:\\code\\smart-waring-system\\frontend\\src\\app\\products\\[id]\\edit"
2026-01-22T05:05:28.799702Z  INFO get_files:scan_sources: tailwindcss_oxide::scanner: Discovering "D:\\code\\smart-waring-system\\frontend\\src\\app\\suppliers"
2026-01-22T05:05:28.799807Z  INFO get_files:scan_sources: tailwindcss_oxide::scanner: Discovering "D:\\code\\smart-waring-system\\frontend\\src\\app\\suppliers\\new"
2026-01-22T05:05:28.799955Z  INFO get_files:scan_sources: tailwindcss_oxide::scanner: Discovering "D:\\code\\smart-waring-system\\frontend\\src\\app\\suppliers\\[id]"
2026-01-22T05:05:28.800050Z  INFO get_files:scan_sources: tailwindcss_oxide::scanner: Discovering "D:\\code\\smart-waring-system\\frontend\\src\\app\\suppliers\\[id]\\edit"
2026-01-22T05:05:28.800192Z  INFO get_files:scan_sources: tailwindcss_oxide::scanner: Discovering "D:\\code\\smart-waring-system\\frontend\\src\\app\\users"
2026-01-22T05:05:28.800318Z  INFO get_files:scan_sources: tailwindcss_oxide::scanner: Discovering "D:\\code\\smart-waring-system\\frontend\\src\\components"
2026-01-22T05:05:28.800413Z  INFO get_files:scan_sources: tailwindcss_oxide::scanner: Discovering "D:\\code\\smart-waring-system\\frontend\\src\\components\\features"
2026-01-22T05:05:28.800679Z  INFO get_files:scan_sources: tailwindcss_oxide::scanner: Discovering "D:\\code\\smart-waring-system\\frontend\\src\\components\\layout"
2026-01-22T05:05:28.800871Z  INFO get_files:scan_sources: tailwindcss_oxide::scanner: Discovering "D:\\code\\smart-waring-system\\frontend\\src\\components\\ui"
2026-01-22T05:05:28.801126Z  INFO get_files:scan_sources: tailwindcss_oxide::scanner: Discovering "D:\\code\\smart-waring-system\\frontend\\src\\hooks"
2026-01-22T05:05:28.801391Z  INFO get_files:scan_sources: tailwindcss_oxide::scanner: Discovering "D:\\code\\smart-waring-system\\frontend\\src\\lib"
2026-01-22T05:05:28.801566Z  INFO get_files:scan_sources: tailwindcss_oxide::scanner: Discovering "D:\\code\\smart-waring-system\\frontend\\src\\services"
2026-01-22T05:05:28.801851Z  INFO get_files:scan_sources: tailwindcss_oxide::scanner: Discovering "D:\\code\\smart-waring-system\\frontend\\src\\stores"
2026-01-22T05:05:28.801999Z  INFO get_files:scan_sources: tailwindcss_oxide::scanner: Discovering "D:\\code\\smart-waring-system\\frontend\\src\\styles"
2026-01-22T05:05:28.802176Z  INFO get_files:scan_sources: tailwindcss_oxide::scanner: exit
2026-01-22T05:05:28.802357Z  INFO get_files: tailwindcss_oxide::scanner: exit
2026-01-22T05:05:28.802665Z  INFO get_globs: tailwindcss_oxide::scanner: enter
2026-01-22T05:05:28.802668Z  INFO get_globs:scan_sources: tailwindcss_oxide::scanner: enter
2026-01-22T05:05:28.803862Z  INFO get_globs:scan_sources: tailwindcss_oxide::scanner: Discovering "D:\\code\\smart-waring-system\\frontend\\public"
2026-01-22T05:05:28.804167Z  INFO get_globs:scan_sources: tailwindcss_oxide::scanner: Discovering "D:\\code\\smart-waring-system\\frontend\\src"
2026-01-22T05:05:28.804310Z  INFO get_globs:scan_sources: tailwindcss_oxide::scanner: Discovering "D:\\code\\smart-waring-system\\frontend\\src\\app"
2026-01-22T05:05:28.804438Z  INFO get_globs:scan_sources: tailwindcss_oxide::scanner: Discovering "D:\\code\\smart-waring-system\\frontend\\src\\app\\categories"
2026-01-22T05:05:28.804613Z  INFO get_globs:scan_sources: tailwindcss_oxide::scanner: Discovering "D:\\code\\smart-waring-system\\frontend\\src\\app\\dashboard"
2026-01-22T05:05:28.804795Z  INFO get_globs:scan_sources: tailwindcss_oxide::scanner: Discovering "D:\\code\\smart-waring-system\\frontend\\src\\app\\inbound"
2026-01-22T05:05:28.804974Z  INFO get_globs:scan_sources: tailwindcss_oxide::scanner: Discovering "D:\\code\\smart-waring-system\\frontend\\src\\app\\login"
2026-01-22T05:05:28.805118Z  INFO get_globs:scan_sources: tailwindcss_oxide::scanner: Discovering "D:\\code\\smart-waring-system\\frontend\\src\\app\\logs"
2026-01-22T05:05:28.805278Z  INFO get_globs:scan_sources: tailwindcss_oxide::scanner: Discovering "D:\\code\\smart-waring-system\\frontend\\src\\app\\outbound"
2026-01-22T05:05:28.805457Z  INFO get_globs:scan_sources: tailwindcss_oxide::scanner: Discovering "D:\\code\\smart-waring-system\\frontend\\src\\app\\products"
2026-01-22T05:05:28.805568Z  INFO get_globs:scan_sources: tailwindcss_oxide::scanner: Discovering "D:\\code\\smart-waring-system\\frontend\\src\\app\\products\\new"
2026-01-22T05:05:28.805767Z  INFO get_globs:scan_sources: tailwindcss_oxide::scanner: Discovering "D:\\code\\smart-waring-system\\frontend\\src\\app\\products\\[id]"
2026-01-22T05:05:28.805910Z  INFO get_globs:scan_sources: tailwindcss_oxide::scanner: Discovering "D:\\code\\smart-waring-system\\frontend\\src\\app\\products\\[id]\\edit"
2026-01-22T05:05:28.806068Z  INFO get_globs:scan_sources: tailwindcss_oxide::scanner: Discovering "D:\\code\\smart-waring-system\\frontend\\src\\app\\suppliers"
2026-01-22T05:05:28.806185Z  INFO get_globs:scan_sources: tailwindcss_oxide::scanner: Discovering "D:\\code\\smart-waring-system\\frontend\\src\\app\\suppliers\\new"
2026-01-22T05:05:28.806374Z  INFO get_globs:scan_sources: tailwindcss_oxide::scanner: Discovering "D:\\code\\smart-waring-system\\frontend\\src\\app\\suppliers\\[id]"
2026-01-22T05:05:28.806516Z  INFO get_globs:scan_sources: tailwindcss_oxide::scanner: Discovering "D:\\code\\smart-waring-system\\frontend\\src\\app\\suppliers\\[id]\\edit"
2026-01-22T05:05:28.806697Z  INFO get_globs:scan_sources: tailwindcss_oxide::scanner: Discovering "D:\\code\\smart-waring-system\\frontend\\src\\app\\users"
2026-01-22T05:05:28.806877Z  INFO get_globs:scan_sources: tailwindcss_oxide::scanner: Discovering "D:\\code\\smart-waring-system\\frontend\\src\\components"
2026-01-22T05:05:28.807011Z  INFO get_globs:scan_sources: tailwindcss_oxide::scanner: Discovering "D:\\code\\smart-waring-system\\frontend\\src\\components\\features"
2026-01-22T05:05:28.807430Z  INFO get_globs:scan_sources: tailwindcss_oxide::scanner: Discovering "D:\\code\\smart-waring-system\\frontend\\src\\components\\layout"
2026-01-22T05:05:28.807666Z  INFO get_globs:scan_sources: tailwindcss_oxide::scanner: Discovering "D:\\code\\smart-waring-system\\frontend\\src\\components\\ui"
2026-01-22T05:05:28.808061Z  INFO get_globs:scan_sources: tailwindcss_oxide::scanner: Discovering "D:\\code\\smart-waring-system\\frontend\\src\\hooks"
2026-01-22T05:05:28.808454Z  INFO get_globs:scan_sources: tailwindcss_oxide::scanner: Discovering "D:\\code\\smart-waring-system\\frontend\\src\\lib"
2026-01-22T05:05:28.808632Z  INFO get_globs:scan_sources: tailwindcss_oxide::scanner: Discovering "D:\\code\\smart-waring-system\\frontend\\src\\services"
2026-01-22T05:05:28.809025Z  INFO get_globs:scan_sources: tailwindcss_oxide::scanner: Discovering "D:\\code\\smart-waring-system\\frontend\\src\\stores"
2026-01-22T05:05:28.809169Z  INFO get_globs:scan_sources: tailwindcss_oxide::scanner: Discovering "D:\\code\\smart-waring-system\\frontend\\src\\styles"
2026-01-22T05:05:28.809359Z  INFO get_globs:scan_sources: tailwindcss_oxide::scanner: exit
2026-01-22T05:05:28.813546Z  INFO get_globs: tailwindcss_oxide::scanner: exit
