2026-01-22T05:03:52.190801Z  INFO tailwindcss_oxide::scanner: Provided sources:
2026-01-22T05:03:52.191580Z  INFO tailwindcss_oxide::scanner: Source: PublicSourceEntry { base: "D:\\code\\smart-waring-system\\frontend", pattern: "**/*", negated: false }
2026-01-22T05:03:52.192057Z  INFO tailwindcss_oxide::scanner: Optimized sources:
2026-01-22T05:03:52.192067Z  INFO tailwindcss_oxide::scanner: Source: Auto { base: "D:\\code\\smart-waring-system\\frontend" }
2026-01-22T05:03:52.193305Z  INFO scan_sources: tailwindcss_oxide::scanner: enter
2026-01-22T05:03:52.194496Z  INFO scan_sources: tailwindcss_oxide::scanner: Discovering "D:\\code\\smart-waring-system\\frontend\\eslint.config.mjs"
2026-01-22T05:03:52.194750Z  INFO scan_sources: tailwindcss_oxide::scanner: Discovering "D:\\code\\smart-waring-system\\frontend\\next.config.ts"
2026-01-22T05:03:52.194996Z  INFO scan_sources: tailwindcss_oxide::scanner: Discovering "D:\\code\\smart-waring-system\\frontend\\package.json"
2026-01-22T05:03:52.195036Z  INFO scan_sources: tailwindcss_oxide::scanner: Discovering "D:\\code\\smart-waring-system\\frontend\\postcss.config.mjs"
2026-01-22T05:03:52.195122Z  INFO scan_sources: tailwindcss_oxide::scanner: Discovering "D:\\code\\smart-waring-system\\frontend\\public"
2026-01-22T05:03:52.195204Z  INFO scan_sources: tailwindcss_oxide::scanner: Discovering "D:\\code\\smart-waring-system\\frontend\\public\\file.svg"
2026-01-22T05:03:52.195238Z  INFO scan_sources: tailwindcss_oxide::scanner: Discovering "D:\\code\\smart-waring-system\\frontend\\public\\globe.svg"
2026-01-22T05:03:52.195285Z  INFO scan_sources: tailwindcss_oxide::scanner: Discovering "D:\\code\\smart-waring-system\\frontend\\public\\next.svg"
2026-01-22T05:03:52.195336Z  INFO scan_sources: tailwindcss_oxide::scanner: Discovering "D:\\code\\smart-waring-system\\frontend\\public\\vercel.svg"
2026-01-22T05:03:52.195393Z  INFO scan_sources: tailwindcss_oxide::scanner: Discovering "D:\\code\\smart-waring-system\\frontend\\public\\window.svg"
2026-01-22T05:03:52.195475Z  INFO scan_sources: tailwindcss_oxide::scanner: Discovering "D:\\code\\smart-waring-system\\frontend\\README.md"
2026-01-22T05:03:52.195546Z  INFO scan_sources: tailwindcss_oxide::scanner: Discovering "D:\\code\\smart-waring-system\\frontend\\src"
2026-01-22T05:03:52.195664Z  INFO scan_sources: tailwindcss_oxide::scanner: Discovering "D:\\code\\smart-waring-system\\frontend\\src\\app"
2026-01-22T05:03:52.195778Z  INFO scan_sources: tailwindcss_oxide::scanner: Discovering "D:\\code\\smart-waring-system\\frontend\\src\\app\\categories"
2026-01-22T05:03:52.195850Z  INFO scan_sources: tailwindcss_oxide::scanner: Discovering "D:\\code\\smart-waring-system\\frontend\\src\\app\\categories\\page.tsx"
2026-01-22T05:03:52.195936Z  INFO scan_sources: tailwindcss_oxide::scanner: Discovering "D:\\code\\smart-waring-system\\frontend\\src\\app\\dashboard"
2026-01-22T05:03:52.196004Z  INFO scan_sources: tailwindcss_oxide::scanner: Discovering "D:\\code\\smart-waring-system\\frontend\\src\\app\\dashboard\\page.tsx"
2026-01-22T05:03:52.196046Z  INFO scan_sources: tailwindcss_oxide::scanner: Discovering "D:\\code\\smart-waring-system\\frontend\\src\\app\\globals.css"
2026-01-22T05:03:52.196143Z  INFO scan_sources: tailwindcss_oxide::scanner: Discovering "D:\\code\\smart-waring-system\\frontend\\src\\app\\inbound"
2026-01-22T05:03:52.196215Z  INFO scan_sources: tailwindcss_oxide::scanner: Discovering "D:\\code\\smart-waring-system\\frontend\\src\\app\\inbound\\page.tsx"
2026-01-22T05:03:52.196258Z  INFO scan_sources: tailwindcss_oxide::scanner: Discovering "D:\\code\\smart-waring-system\\frontend\\src\\app\\layout.tsx"
2026-01-22T05:03:52.196312Z  INFO scan_sources: tailwindcss_oxide::scanner: Discovering "D:\\code\\smart-waring-system\\frontend\\src\\app\\login"
2026-01-22T05:03:52.196455Z  INFO scan_sources: tailwindcss_oxide::scanner: Discovering "D:\\code\\smart-waring-system\\frontend\\src\\app\\login\\page.tsx"
2026-01-22T05:03:52.196591Z  INFO scan_sources: tailwindcss_oxide::scanner: Discovering "D:\\code\\smart-waring-system\\frontend\\src\\app\\logs"
2026-01-22T05:03:52.196750Z  INFO scan_sources: tailwindcss_oxide::scanner: Discovering "D:\\code\\smart-waring-system\\frontend\\src\\app\\logs\\page.tsx"
2026-01-22T05:03:52.196847Z  INFO scan_sources: tailwindcss_oxide::scanner: Discovering "D:\\code\\smart-waring-system\\frontend\\src\\app\\outbound"
2026-01-22T05:03:52.196932Z  INFO scan_sources: tailwindcss_oxide::scanner: Discovering "D:\\code\\smart-waring-system\\frontend\\src\\app\\outbound\\page.tsx"
2026-01-22T05:03:52.196984Z  INFO scan_sources: tailwindcss_oxide::scanner: Discovering "D:\\code\\smart-waring-system\\frontend\\src\\app\\page.tsx"
2026-01-22T05:03:52.197073Z  INFO scan_sources: tailwindcss_oxide::scanner: Discovering "D:\\code\\smart-waring-system\\frontend\\src\\app\\products"
2026-01-22T05:03:52.197196Z  INFO scan_sources: tailwindcss_oxide::scanner: Discovering "D:\\code\\smart-waring-system\\frontend\\src\\app\\products\\new"
2026-01-22T05:03:52.197268Z  INFO scan_sources: tailwindcss_oxide::scanner: Discovering "D:\\code\\smart-waring-system\\frontend\\src\\app\\products\\new\\page.tsx"
2026-01-22T05:03:52.197311Z  INFO scan_sources: tailwindcss_oxide::scanner: Discovering "D:\\code\\smart-waring-system\\frontend\\src\\app\\products\\page.tsx"
2026-01-22T05:03:52.197387Z  INFO scan_sources: tailwindcss_oxide::scanner: Discovering "D:\\code\\smart-waring-system\\frontend\\src\\app\\products\\[id]"
2026-01-22T05:03:52.197529Z  INFO scan_sources: tailwindcss_oxide::scanner: Discovering "D:\\code\\smart-waring-system\\frontend\\src\\app\\products\\[id]\\edit"
2026-01-22T05:03:52.197610Z  INFO scan_sources: tailwindcss_oxide::scanner: Discovering "D:\\code\\smart-waring-system\\frontend\\src\\app\\products\\[id]\\edit\\page.tsx"
2026-01-22T05:03:52.197731Z  INFO scan_sources: tailwindcss_oxide::scanner: Discovering "D:\\code\\smart-waring-system\\frontend\\src\\app\\suppliers"
2026-01-22T05:03:52.197866Z  INFO scan_sources: tailwindcss_oxide::scanner: Discovering "D:\\code\\smart-waring-system\\frontend\\src\\app\\suppliers\\new"
2026-01-22T05:03:52.197952Z  INFO scan_sources: tailwindcss_oxide::scanner: Discovering "D:\\code\\smart-waring-system\\frontend\\src\\app\\suppliers\\new\\page.tsx"
2026-01-22T05:03:52.198024Z  INFO scan_sources: tailwindcss_oxide::scanner: Discovering "D:\\code\\smart-waring-system\\frontend\\src\\app\\suppliers\\page.tsx"
2026-01-22T05:03:52.198133Z  INFO scan_sources: tailwindcss_oxide::scanner: Discovering "D:\\code\\smart-waring-system\\frontend\\src\\app\\suppliers\\[id]"
2026-01-22T05:03:52.198268Z  INFO scan_sources: tailwindcss_oxide::scanner: Discovering "D:\\code\\smart-waring-system\\frontend\\src\\app\\suppliers\\[id]\\edit"
2026-01-22T05:03:52.198346Z  INFO scan_sources: tailwindcss_oxide::scanner: Discovering "D:\\code\\smart-waring-system\\frontend\\src\\app\\suppliers\\[id]\\edit\\page.tsx"
2026-01-22T05:03:52.198463Z  INFO scan_sources: tailwindcss_oxide::scanner: Discovering "D:\\code\\smart-waring-system\\frontend\\src\\app\\users"
2026-01-22T05:03:52.198555Z  INFO scan_sources: tailwindcss_oxide::scanner: Discovering "D:\\code\\smart-waring-system\\frontend\\src\\app\\users\\page.tsx"
2026-01-22T05:03:52.198699Z  INFO scan_sources: tailwindcss_oxide::scanner: Discovering "D:\\code\\smart-waring-system\\frontend\\src\\components"
2026-01-22T05:03:52.198823Z  INFO scan_sources: tailwindcss_oxide::scanner: Discovering "D:\\code\\smart-waring-system\\frontend\\src\\components\\features"
2026-01-22T05:03:52.198901Z  INFO scan_sources: tailwindcss_oxide::scanner: Discovering "D:\\code\\smart-waring-system\\frontend\\src\\components\\features\\.gitkeep"
2026-01-22T05:03:52.198956Z  INFO scan_sources: tailwindcss_oxide::scanner: Discovering "D:\\code\\smart-waring-system\\frontend\\src\\components\\features\\BatchInboundTable.tsx"
2026-01-22T05:03:52.199012Z  INFO scan_sources: tailwindcss_oxide::scanner: Discovering "D:\\code\\smart-waring-system\\frontend\\src\\components\\features\\CategoryForm.tsx"
2026-01-22T05:03:52.199063Z  INFO scan_sources: tailwindcss_oxide::scanner: Discovering "D:\\code\\smart-waring-system\\frontend\\src\\components\\features\\CategoryTree.tsx"
2026-01-22T05:03:52.199142Z  INFO scan_sources: tailwindcss_oxide::scanner: Discovering "D:\\code\\smart-waring-system\\frontend\\src\\components\\features\\InboundForm.tsx"
2026-01-22T05:03:52.199185Z  INFO scan_sources: tailwindcss_oxide::scanner: Discovering "D:\\code\\smart-waring-system\\frontend\\src\\components\\features\\OutboundForm.tsx"
2026-01-22T05:03:52.199226Z  INFO scan_sources: tailwindcss_oxide::scanner: Discovering "D:\\code\\smart-waring-system\\frontend\\src\\components\\features\\ProductForm.tsx"
2026-01-22T05:03:52.199274Z  INFO scan_sources: tailwindcss_oxide::scanner: Discovering "D:\\code\\smart-waring-system\\frontend\\src\\components\\features\\SupplierForm.tsx"
2026-01-22T05:03:52.199321Z  INFO scan_sources: tailwindcss_oxide::scanner: Discovering "D:\\code\\smart-waring-system\\frontend\\src\\components\\features\\UserForm.tsx"
2026-01-22T05:03:52.199404Z  INFO scan_sources: tailwindcss_oxide::scanner: Discovering "D:\\code\\smart-waring-system\\frontend\\src\\components\\layout"
2026-01-22T05:03:52.199510Z  INFO scan_sources: tailwindcss_oxide::scanner: Discovering "D:\\code\\smart-waring-system\\frontend\\src\\components\\layout\\index.ts"
2026-01-22T05:03:52.199573Z  INFO scan_sources: tailwindcss_oxide::scanner: Discovering "D:\\code\\smart-waring-system\\frontend\\src\\components\\layout\\Layout.tsx"
2026-01-22T05:03:52.199620Z  INFO scan_sources: tailwindcss_oxide::scanner: Discovering "D:\\code\\smart-waring-system\\frontend\\src\\components\\layout\\Navbar.tsx"
2026-01-22T05:03:52.199717Z  INFO scan_sources: tailwindcss_oxide::scanner: Discovering "D:\\code\\smart-waring-system\\frontend\\src\\components\\ui"
2026-01-22T05:03:52.199808Z  INFO scan_sources: tailwindcss_oxide::scanner: Discovering "D:\\code\\smart-waring-system\\frontend\\src\\components\\ui\\Button.tsx"
2026-01-22T05:03:52.199846Z  INFO scan_sources: tailwindcss_oxide::scanner: Discovering "D:\\code\\smart-waring-system\\frontend\\src\\components\\ui\\Card.tsx"
2026-01-22T05:03:52.199883Z  INFO scan_sources: tailwindcss_oxide::scanner: Discovering "D:\\code\\smart-waring-system\\frontend\\src\\components\\ui\\index.ts"
2026-01-22T05:03:52.199930Z  INFO scan_sources: tailwindcss_oxide::scanner: Discovering "D:\\code\\smart-waring-system\\frontend\\src\\components\\ui\\Input.tsx"
2026-01-22T05:03:52.199982Z  INFO scan_sources: tailwindcss_oxide::scanner: Discovering "D:\\code\\smart-waring-system\\frontend\\src\\components\\ui\\Modal.tsx"
2026-01-22T05:03:52.200018Z  INFO scan_sources: tailwindcss_oxide::scanner: Discovering "D:\\code\\smart-waring-system\\frontend\\src\\components\\ui\\Pagination.tsx"
2026-01-22T05:03:52.200057Z  INFO scan_sources: tailwindcss_oxide::scanner: Discovering "D:\\code\\smart-waring-system\\frontend\\src\\components\\ui\\Skeleton.tsx"
2026-01-22T05:03:52.200105Z  INFO scan_sources: tailwindcss_oxide::scanner: Discovering "D:\\code\\smart-waring-system\\frontend\\src\\components\\ui\\Table.tsx"
2026-01-22T05:03:52.200224Z  INFO scan_sources: tailwindcss_oxide::scanner: Discovering "D:\\code\\smart-waring-system\\frontend\\src\\hooks"
2026-01-22T05:03:52.200314Z  INFO scan_sources: tailwindcss_oxide::scanner: Discovering "D:\\code\\smart-waring-system\\frontend\\src\\hooks\\index.ts"
2026-01-22T05:03:52.200355Z  INFO scan_sources: tailwindcss_oxide::scanner: Discovering "D:\\code\\smart-waring-system\\frontend\\src\\hooks\\useAuth.ts"
2026-01-22T05:03:52.200400Z  INFO scan_sources: tailwindcss_oxide::scanner: Discovering "D:\\code\\smart-waring-system\\frontend\\src\\hooks\\useDashboard.ts"
2026-01-22T05:03:52.200440Z  INFO scan_sources: tailwindcss_oxide::scanner: Discovering "D:\\code\\smart-waring-system\\frontend\\src\\hooks\\useInventory.ts"
2026-01-22T05:03:52.200475Z  INFO scan_sources: tailwindcss_oxide::scanner: Discovering "D:\\code\\smart-waring-system\\frontend\\src\\hooks\\useLogs.ts"
2026-01-22T05:03:52.200520Z  INFO scan_sources: tailwindcss_oxide::scanner: Discovering "D:\\code\\smart-waring-system\\frontend\\src\\hooks\\useProducts.ts"
2026-01-22T05:03:52.200557Z  INFO scan_sources: tailwindcss_oxide::scanner: Discovering "D:\\code\\smart-waring-system\\frontend\\src\\hooks\\useSuppliers.ts"
2026-01-22T05:03:52.200605Z  INFO scan_sources: tailwindcss_oxide::scanner: Discovering "D:\\code\\smart-waring-system\\frontend\\src\\hooks\\useUsers.ts"
2026-01-22T05:03:52.200679Z  INFO scan_sources: tailwindcss_oxide::scanner: Discovering "D:\\code\\smart-waring-system\\frontend\\src\\lib"
2026-01-22T05:03:52.200750Z  INFO scan_sources: tailwindcss_oxide::scanner: Discovering "D:\\code\\smart-waring-system\\frontend\\src\\lib\\design-tokens.ts"
2026-01-22T05:03:52.200802Z  INFO scan_sources: tailwindcss_oxide::scanner: Discovering "D:\\code\\smart-waring-system\\frontend\\src\\middleware.ts"
2026-01-22T05:03:52.200865Z  INFO scan_sources: tailwindcss_oxide::scanner: Discovering "D:\\code\\smart-waring-system\\frontend\\src\\services"
2026-01-22T05:03:52.200944Z  INFO scan_sources: tailwindcss_oxide::scanner: Discovering "D:\\code\\smart-waring-system\\frontend\\src\\services\\api.ts"
2026-01-22T05:03:52.200982Z  INFO scan_sources: tailwindcss_oxide::scanner: Discovering "D:\\code\\smart-waring-system\\frontend\\src\\services\\auth.service.ts"
2026-01-22T05:03:52.201019Z  INFO scan_sources: tailwindcss_oxide::scanner: Discovering "D:\\code\\smart-waring-system\\frontend\\src\\services\\category.service.ts"
2026-01-22T05:03:52.201055Z  INFO scan_sources: tailwindcss_oxide::scanner: Discovering "D:\\code\\smart-waring-system\\frontend\\src\\services\\dashboard.service.ts"
2026-01-22T05:03:52.201090Z  INFO scan_sources: tailwindcss_oxide::scanner: Discovering "D:\\code\\smart-waring-system\\frontend\\src\\services\\inventory.service.ts"
2026-01-22T05:03:52.201123Z  INFO scan_sources: tailwindcss_oxide::scanner: Discovering "D:\\code\\smart-waring-system\\frontend\\src\\services\\log.service.ts"
2026-01-22T05:03:52.201160Z  INFO scan_sources: tailwindcss_oxide::scanner: Discovering "D:\\code\\smart-waring-system\\frontend\\src\\services\\product.service.ts"
2026-01-22T05:03:52.201194Z  INFO scan_sources: tailwindcss_oxide::scanner: Discovering "D:\\code\\smart-waring-system\\frontend\\src\\services\\supplier.service.ts"
2026-01-22T05:03:52.201232Z  INFO scan_sources: tailwindcss_oxide::scanner: Discovering "D:\\code\\smart-waring-system\\frontend\\src\\services\\user.service.ts"
2026-01-22T05:03:52.201313Z  INFO scan_sources: tailwindcss_oxide::scanner: Discovering "D:\\code\\smart-waring-system\\frontend\\src\\stores"
2026-01-22T05:03:52.201397Z  INFO scan_sources: tailwindcss_oxide::scanner: Discovering "D:\\code\\smart-waring-system\\frontend\\src\\stores\\index.ts"
2026-01-22T05:03:52.201495Z  INFO scan_sources: tailwindcss_oxide::scanner: Discovering "D:\\code\\smart-waring-system\\frontend\\src\\styles"
2026-01-22T05:03:52.201582Z  INFO scan_sources: tailwindcss_oxide::scanner: Discovering "D:\\code\\smart-waring-system\\frontend\\src\\styles\\globals.css"
2026-01-22T05:03:52.201666Z  INFO scan_sources: tailwindcss_oxide::scanner: Discovering "D:\\code\\smart-waring-system\\frontend\\tsconfig.json"
2026-01-22T05:03:52.201742Z  INFO scan_sources: tailwindcss_oxide::scanner: exit
2026-01-22T05:03:52.201748Z  INFO extract_candidates: tailwindcss_oxide::scanner: enter
2026-01-22T05:03:52.201753Z  INFO extract_candidates:read_all_files: tailwindcss_oxide::scanner: enter
2026-01-22T05:03:52.201756Z  INFO extract_candidates:read_all_files: tailwindcss_oxide::scanner: Reading 66 file(s)
2026-01-22T05:03:52.202614Z  INFO tailwindcss_oxide::scanner: Reading "D:\\code\\smart-waring-system\\frontend\\src\\hooks\\useLogs.ts"
2026-01-22T05:03:52.202613Z  INFO tailwindcss_oxide::scanner: Reading "D:\\code\\smart-waring-system\\frontend\\src\\app\\outbound\\page.tsx"
2026-01-22T05:03:52.202622Z  INFO tailwindcss_oxide::scanner: Reading "D:\\code\\smart-waring-system\\frontend\\eslint.config.mjs"
2026-01-22T05:03:52.202668Z  INFO tailwindcss_oxide::scanner: Reading "D:\\code\\smart-waring-system\\frontend\\public\\file.svg"
2026-01-22T05:03:52.202719Z  INFO tailwindcss_oxide::scanner: Reading "D:\\code\\smart-waring-system\\frontend\\src\\app\\page.tsx"
2026-01-22T05:03:52.202721Z  INFO tailwindcss_oxide::scanner: Reading "D:\\code\\smart-waring-system\\frontend\\next.config.ts"
2026-01-22T05:03:52.202674Z  INFO tailwindcss_oxide::scanner: Reading "D:\\code\\smart-waring-system\\frontend\\public\\window.svg"
2026-01-22T05:03:52.202663Z  INFO tailwindcss_oxide::scanner: Reading "D:\\code\\smart-waring-system\\frontend\\src\\components\\ui\\Modal.tsx"
2026-01-22T05:03:52.202663Z  INFO tailwindcss_oxide::scanner: Reading "D:\\code\\smart-waring-system\\frontend\\src\\app\\users\\page.tsx"
2026-01-22T05:03:52.202711Z  INFO tailwindcss_oxide::scanner: Reading "D:\\code\\smart-waring-system\\frontend\\src\\hooks\\useProducts.ts"
2026-01-22T05:03:52.202816Z  INFO tailwindcss_oxide::scanner: Reading "D:\\code\\smart-waring-system\\frontend\\src\\app\\products\\new\\page.tsx"
2026-01-22T05:03:52.202812Z  INFO tailwindcss_oxide::scanner: Reading "D:\\code\\smart-waring-system\\frontend\\src\\app\\products\\[id]\\edit\\page.tsx"
2026-01-22T05:03:52.202748Z  INFO tailwindcss_oxide::scanner: Reading "D:\\code\\smart-waring-system\\frontend\\src\\components\\ui\\Button.tsx"
2026-01-22T05:03:52.202810Z  INFO tailwindcss_oxide::scanner: Reading "D:\\code\\smart-waring-system\\frontend\\public\\globe.svg"
2026-01-22T05:03:52.202882Z  INFO tailwindcss_oxide::scanner: Reading "D:\\code\\smart-waring-system\\frontend\\README.md"
2026-01-22T05:03:52.202863Z  INFO tailwindcss_oxide::scanner: Reading "D:\\code\\smart-waring-system\\frontend\\src\\app\\inbound\\page.tsx"
2026-01-22T05:03:52.202898Z  INFO tailwindcss_oxide::scanner: Reading "D:\\code\\smart-waring-system\\frontend\\src\\app\\products\\page.tsx"
2026-01-22T05:03:52.202899Z  INFO tailwindcss_oxide::scanner: Reading "D:\\code\\smart-waring-system\\frontend\\public\\next.svg"
2026-01-22T05:03:52.202882Z  INFO tailwindcss_oxide::scanner: Reading "D:\\code\\smart-waring-system\\frontend\\src\\components\\ui\\Pagination.tsx"
2026-01-22T05:03:52.202925Z  INFO tailwindcss_oxide::scanner: Reading "D:\\code\\smart-waring-system\\frontend\\src\\app\\suppliers\\new\\page.tsx"
2026-01-22T05:03:52.202893Z  INFO tailwindcss_oxide::scanner: Reading "D:\\code\\smart-waring-system\\frontend\\src\\components\\features\\.gitkeep"
2026-01-22T05:03:52.202674Z  INFO tailwindcss_oxide::scanner: Reading "D:\\code\\smart-waring-system\\frontend\\src\\components\\features\\UserForm.tsx"
2026-01-22T05:03:52.202872Z  INFO tailwindcss_oxide::scanner: Reading "D:\\code\\smart-waring-system\\frontend\\package.json"
2026-01-22T05:03:52.202920Z  INFO tailwindcss_oxide::scanner: Reading "D:\\code\\smart-waring-system\\frontend\\src\\hooks\\useSuppliers.ts"
2026-01-22T05:03:52.203042Z  INFO tailwindcss_oxide::scanner: Reading "D:\\code\\smart-waring-system\\frontend\\src\\app\\categories\\page.tsx"
2026-01-22T05:03:52.202829Z  INFO tailwindcss_oxide::scanner: Reading "D:\\code\\smart-waring-system\\frontend\\src\\app\\suppliers\\page.tsx"
2026-01-22T05:03:52.203056Z  INFO tailwindcss_oxide::scanner: Reading "D:\\code\\smart-waring-system\\frontend\\src\\components\\ui\\Skeleton.tsx"
2026-01-22T05:03:52.203057Z  INFO tailwindcss_oxide::scanner: Reading "D:\\code\\smart-waring-system\\frontend\\src\\components\\ui\\Card.tsx"
2026-01-22T05:03:52.203031Z  INFO tailwindcss_oxide::scanner: Reading "D:\\code\\smart-waring-system\\frontend\\src\\app\\dashboard\\page.tsx"
2026-01-22T05:03:52.203076Z  INFO tailwindcss_oxide::scanner: Reading "D:\\code\\smart-waring-system\\frontend\\src\\services\\category.service.ts"
2026-01-22T05:03:52.203061Z  INFO tailwindcss_oxide::scanner: Reading "D:\\code\\smart-waring-system\\frontend\\src\\components\\layout\\index.ts"
2026-01-22T05:03:52.203061Z  INFO tailwindcss_oxide::scanner: Reading "D:\\code\\smart-waring-system\\frontend\\src\\app\\layout.tsx"
2026-01-22T05:03:52.202946Z  INFO tailwindcss_oxide::scanner: Reading "D:\\code\\smart-waring-system\\frontend\\src\\components\\layout\\Layout.tsx"
2026-01-22T05:03:52.203059Z  INFO tailwindcss_oxide::scanner: Reading "D:\\code\\smart-waring-system\\frontend\\src\\components\\layout\\Navbar.tsx"
2026-01-22T05:03:52.203185Z  INFO tailwindcss_oxide::scanner: Reading "D:\\code\\smart-waring-system\\frontend\\src\\middleware.ts"
2026-01-22T05:03:52.203191Z  INFO tailwindcss_oxide::scanner: Reading "D:\\code\\smart-waring-system\\frontend\\src\\services\\dashboard.service.ts"
2026-01-22T05:03:52.203038Z  INFO tailwindcss_oxide::scanner: Reading "D:\\code\\smart-waring-system\\frontend\\public\\vercel.svg"
2026-01-22T05:03:52.203189Z  INFO tailwindcss_oxide::scanner: Reading "D:\\code\\smart-waring-system\\frontend\\postcss.config.mjs"
2026-01-22T05:03:52.203076Z  INFO tailwindcss_oxide::scanner: Reading "D:\\code\\smart-waring-system\\frontend\\src\\components\\ui\\index.ts"
2026-01-22T05:03:52.203237Z  INFO tailwindcss_oxide::scanner: Reading "D:\\code\\smart-waring-system\\frontend\\src\\components\\features\\CategoryForm.tsx"
2026-01-22T05:03:52.203260Z  INFO tailwindcss_oxide::scanner: Reading "D:\\code\\smart-waring-system\\frontend\\src\\app\\logs\\page.tsx"
2026-01-22T05:03:52.203255Z  INFO tailwindcss_oxide::scanner: Reading "D:\\code\\smart-waring-system\\frontend\\src\\services\\auth.service.ts"
2026-01-22T05:03:52.203186Z  INFO tailwindcss_oxide::scanner: Reading "D:\\code\\smart-waring-system\\frontend\\src\\components\\ui\\Table.tsx"
2026-01-22T05:03:52.203271Z  INFO tailwindcss_oxide::scanner: Reading "D:\\code\\smart-waring-system\\frontend\\src\\components\\ui\\Input.tsx"
2026-01-22T05:03:52.203075Z  INFO tailwindcss_oxide::scanner: Reading "D:\\code\\smart-waring-system\\frontend\\src\\components\\features\\BatchInboundTable.tsx"
2026-01-22T05:03:52.203326Z  INFO tailwindcss_oxide::scanner: Reading "D:\\code\\smart-waring-system\\frontend\\src\\services\\log.service.ts"
2026-01-22T05:03:52.203327Z  INFO tailwindcss_oxide::scanner: Reading "D:\\code\\smart-waring-system\\frontend\\src\\hooks\\index.ts"
2026-01-22T05:03:52.203355Z  INFO tailwindcss_oxide::scanner: Reading "D:\\code\\smart-waring-system\\frontend\\src\\hooks\\useAuth.ts"
2026-01-22T05:03:52.203368Z  INFO tailwindcss_oxide::scanner: Reading "D:\\code\\smart-waring-system\\frontend\\src\\components\\features\\SupplierForm.tsx"
2026-01-22T05:03:52.203369Z  INFO tailwindcss_oxide::scanner: Reading "D:\\code\\smart-waring-system\\frontend\\src\\hooks\\useDashboard.ts"
2026-01-22T05:03:52.203377Z  INFO tailwindcss_oxide::scanner: Reading "D:\\code\\smart-waring-system\\frontend\\src\\components\\features\\ProductForm.tsx"
2026-01-22T05:03:52.203178Z  INFO tailwindcss_oxide::scanner: Reading "D:\\code\\smart-waring-system\\frontend\\src\\app\\suppliers\\[id]\\edit\\page.tsx"
2026-01-22T05:03:52.203201Z  INFO tailwindcss_oxide::scanner: Reading "D:\\code\\smart-waring-system\\frontend\\src\\components\\features\\CategoryTree.tsx"
2026-01-22T05:03:52.203175Z  INFO tailwindcss_oxide::scanner: Reading "D:\\code\\smart-waring-system\\frontend\\src\\lib\\design-tokens.ts"
2026-01-22T05:03:52.203186Z  INFO tailwindcss_oxide::scanner: Reading "D:\\code\\smart-waring-system\\frontend\\src\\services\\api.ts"
2026-01-22T05:03:52.203409Z  INFO tailwindcss_oxide::scanner: Reading "D:\\code\\smart-waring-system\\frontend\\tsconfig.json"
2026-01-22T05:03:52.203355Z  INFO tailwindcss_oxide::scanner: Reading "D:\\code\\smart-waring-system\\frontend\\src\\hooks\\useInventory.ts"
2026-01-22T05:03:52.203368Z  INFO tailwindcss_oxide::scanner: Reading "D:\\code\\smart-waring-system\\frontend\\src\\components\\features\\OutboundForm.tsx"
2026-01-22T05:03:52.203368Z  INFO tailwindcss_oxide::scanner: Reading "D:\\code\\smart-waring-system\\frontend\\src\\components\\features\\InboundForm.tsx"
2026-01-22T05:03:52.203252Z  INFO tailwindcss_oxide::scanner: Reading "D:\\code\\smart-waring-system\\frontend\\src\\services\\product.service.ts"
2026-01-22T05:03:52.203372Z  INFO tailwindcss_oxide::scanner: Reading "D:\\code\\smart-waring-system\\frontend\\src\\services\\supplier.service.ts"
2026-01-22T05:03:52.203268Z  INFO tailwindcss_oxide::scanner: Reading "D:\\code\\smart-waring-system\\frontend\\src\\services\\inventory.service.ts"
2026-01-22T05:03:52.203384Z  INFO tailwindcss_oxide::scanner: Reading "D:\\code\\smart-waring-system\\frontend\\src\\stores\\index.ts"
2026-01-22T05:03:52.203200Z  INFO tailwindcss_oxide::scanner: Reading "D:\\code\\smart-waring-system\\frontend\\src\\hooks\\useUsers.ts"
2026-01-22T05:03:52.203355Z  INFO tailwindcss_oxide::scanner: Reading "D:\\code\\smart-waring-system\\frontend\\src\\services\\user.service.ts"
2026-01-22T05:03:52.203251Z  INFO tailwindcss_oxide::scanner: Reading "D:\\code\\smart-waring-system\\frontend\\src\\app\\login\\page.tsx"
2026-01-22T05:03:52.203726Z  INFO extract_candidates:read_all_files: tailwindcss_oxide::scanner: exit
2026-01-22T05:03:52.203742Z  INFO extract_candidates:parse_all_blobs: tailwindcss_oxide::scanner: enter
2026-01-22T05:03:52.203747Z  INFO extract_candidates:parse_all_blobs:extract: tailwindcss_oxide::scanner: enter
2026-01-22T05:03:52.205017Z  INFO extract_candidates:parse_all_blobs:extract: tailwindcss_oxide::scanner: exit
2026-01-22T05:03:52.205041Z  INFO extract_candidates:parse_all_blobs: tailwindcss_oxide::scanner: exit
2026-01-22T05:03:52.205047Z  INFO extract_candidates:read_all_files: tailwindcss_oxide::scanner: enter
2026-01-22T05:03:52.205049Z  INFO extract_candidates:read_all_files: tailwindcss_oxide::scanner: Reading 2 file(s)
2026-01-22T05:03:52.205160Z  INFO tailwindcss_oxide::scanner: Reading "D:\\code\\smart-waring-system\\frontend\\src\\styles\\globals.css"
2026-01-22T05:03:52.205180Z  INFO tailwindcss_oxide::scanner: Reading "D:\\code\\smart-waring-system\\frontend\\src\\app\\globals.css"
2026-01-22T05:03:52.205194Z  INFO extract_candidates:read_all_files: tailwindcss_oxide::scanner: exit
2026-01-22T05:03:52.205200Z  INFO extract_candidates:extract_css_variables: tailwindcss_oxide::scanner: enter
2026-01-22T05:03:52.205202Z  INFO extract_candidates:extract_css_variables:extract: tailwindcss_oxide::scanner: enter
2026-01-22T05:03:52.205336Z  INFO extract_candidates:extract_css_variables:extract: tailwindcss_oxide::scanner: exit
2026-01-22T05:03:52.205348Z  INFO extract_candidates:extract_css_variables: tailwindcss_oxide::scanner: exit
2026-01-22T05:03:52.206280Z  INFO extract_candidates: tailwindcss_oxide::scanner: exit
2026-01-22T05:03:52.206697Z  INFO get_files: tailwindcss_oxide::scanner: enter
2026-01-22T05:03:52.206701Z  INFO get_files:scan_sources: tailwindcss_oxide::scanner: enter
2026-01-22T05:03:52.208260Z  INFO get_files:scan_sources: tailwindcss_oxide::scanner: Discovering "D:\\code\\smart-waring-system\\frontend\\public"
2026-01-22T05:03:52.208611Z  INFO get_files:scan_sources: tailwindcss_oxide::scanner: Discovering "D:\\code\\smart-waring-system\\frontend\\src"
2026-01-22T05:03:52.208778Z  INFO get_files:scan_sources: tailwindcss_oxide::scanner: Discovering "D:\\code\\smart-waring-system\\frontend\\src\\app"
2026-01-22T05:03:52.208923Z  INFO get_files:scan_sources: tailwindcss_oxide::scanner: Discovering "D:\\code\\smart-waring-system\\frontend\\src\\app\\categories"
2026-01-22T05:03:52.209121Z  INFO get_files:scan_sources: tailwindcss_oxide::scanner: Discovering "D:\\code\\smart-waring-system\\frontend\\src\\app\\dashboard"
2026-01-22T05:03:52.209338Z  INFO get_files:scan_sources: tailwindcss_oxide::scanner: Discovering "D:\\code\\smart-waring-system\\frontend\\src\\app\\inbound"
2026-01-22T05:03:52.209576Z  INFO get_files:scan_sources: tailwindcss_oxide::scanner: Discovering "D:\\code\\smart-waring-system\\frontend\\src\\app\\login"
2026-01-22T05:03:52.209744Z  INFO get_files:scan_sources: tailwindcss_oxide::scanner: Discovering "D:\\code\\smart-waring-system\\frontend\\src\\app\\logs"
2026-01-22T05:03:52.209963Z  INFO get_files:scan_sources: tailwindcss_oxide::scanner: Discovering "D:\\code\\smart-waring-system\\frontend\\src\\app\\outbound"
2026-01-22T05:03:52.210200Z  INFO get_files:scan_sources: tailwindcss_oxide::scanner: Discovering "D:\\code\\smart-waring-system\\frontend\\src\\app\\products"
2026-01-22T05:03:52.210361Z  INFO get_files:scan_sources: tailwindcss_oxide::scanner: Discovering "D:\\code\\smart-waring-system\\frontend\\src\\app\\products\\new"
2026-01-22T05:03:52.210581Z  INFO get_files:scan_sources: tailwindcss_oxide::scanner: Discovering "D:\\code\\smart-waring-system\\frontend\\src\\app\\products\\[id]"
2026-01-22T05:03:52.210711Z  INFO get_files:scan_sources: tailwindcss_oxide::scanner: Discovering "D:\\code\\smart-waring-system\\frontend\\src\\app\\products\\[id]\\edit"
2026-01-22T05:03:52.210904Z  INFO get_files:scan_sources: tailwindcss_oxide::scanner: Discovering "D:\\code\\smart-waring-system\\frontend\\src\\app\\suppliers"
2026-01-22T05:03:52.211021Z  INFO get_files:scan_sources: tailwindcss_oxide::scanner: Discovering "D:\\code\\smart-waring-system\\frontend\\src\\app\\suppliers\\new"
2026-01-22T05:03:52.211212Z  INFO get_files:scan_sources: tailwindcss_oxide::scanner: Discovering "D:\\code\\smart-waring-system\\frontend\\src\\app\\suppliers\\[id]"
2026-01-22T05:03:52.211356Z  INFO get_files:scan_sources: tailwindcss_oxide::scanner: Discovering "D:\\code\\smart-waring-system\\frontend\\src\\app\\suppliers\\[id]\\edit"
2026-01-22T05:03:52.211562Z  INFO get_files:scan_sources: tailwindcss_oxide::scanner: Discovering "D:\\code\\smart-waring-system\\frontend\\src\\app\\users"
2026-01-22T05:03:52.211732Z  INFO get_files:scan_sources: tailwindcss_oxide::scanner: Discovering "D:\\code\\smart-waring-system\\frontend\\src\\components"
2026-01-22T05:03:52.211871Z  INFO get_files:scan_sources: tailwindcss_oxide::scanner: Discovering "D:\\code\\smart-waring-system\\frontend\\src\\components\\features"
2026-01-22T05:03:52.212200Z  INFO get_files:scan_sources: tailwindcss_oxide::scanner: Discovering "D:\\code\\smart-waring-system\\frontend\\src\\components\\layout"
2026-01-22T05:03:52.212398Z  INFO get_files:scan_sources: tailwindcss_oxide::scanner: Discovering "D:\\code\\smart-waring-system\\frontend\\src\\components\\ui"
2026-01-22T05:03:52.212699Z  INFO get_files:scan_sources: tailwindcss_oxide::scanner: Discovering "D:\\code\\smart-waring-system\\frontend\\src\\hooks"
2026-01-22T05:03:52.213069Z  INFO get_files:scan_sources: tailwindcss_oxide::scanner: Discovering "D:\\code\\smart-waring-system\\frontend\\src\\lib"
2026-01-22T05:03:52.213225Z  INFO get_files:scan_sources: tailwindcss_oxide::scanner: Discovering "D:\\code\\smart-waring-system\\frontend\\src\\services"
2026-01-22T05:03:52.213542Z  INFO get_files:scan_sources: tailwindcss_oxide::scanner: Discovering "D:\\code\\smart-waring-system\\frontend\\src\\stores"
2026-01-22T05:03:52.213722Z  INFO get_files:scan_sources: tailwindcss_oxide::scanner: Discovering "D:\\code\\smart-waring-system\\frontend\\src\\styles"
2026-01-22T05:03:52.213925Z  INFO get_files:scan_sources: tailwindcss_oxide::scanner: exit
2026-01-22T05:03:52.214097Z  INFO get_files: tailwindcss_oxide::scanner: exit
2026-01-22T05:03:52.214424Z  INFO get_globs: tailwindcss_oxide::scanner: enter
2026-01-22T05:03:52.214432Z  INFO get_globs:scan_sources: tailwindcss_oxide::scanner: enter
2026-01-22T05:03:52.215673Z  INFO get_globs:scan_sources: tailwindcss_oxide::scanner: Discovering "D:\\code\\smart-waring-system\\frontend\\public"
2026-01-22T05:03:52.216051Z  INFO get_globs:scan_sources: tailwindcss_oxide::scanner: Discovering "D:\\code\\smart-waring-system\\frontend\\src"
2026-01-22T05:03:52.216214Z  INFO get_globs:scan_sources: tailwindcss_oxide::scanner: Discovering "D:\\code\\smart-waring-system\\frontend\\src\\app"
2026-01-22T05:03:52.216348Z  INFO get_globs:scan_sources: tailwindcss_oxide::scanner: Discovering "D:\\code\\smart-waring-system\\frontend\\src\\app\\categories"
2026-01-22T05:03:52.216595Z  INFO get_globs:scan_sources: tailwindcss_oxide::scanner: Discovering "D:\\code\\smart-waring-system\\frontend\\src\\app\\dashboard"
2026-01-22T05:03:52.216776Z  INFO get_globs:scan_sources: tailwindcss_oxide::scanner: Discovering "D:\\code\\smart-waring-system\\frontend\\src\\app\\inbound"
2026-01-22T05:03:52.216937Z  INFO get_globs:scan_sources: tailwindcss_oxide::scanner: Discovering "D:\\code\\smart-waring-system\\frontend\\src\\app\\login"
2026-01-22T05:03:52.217133Z  INFO get_globs:scan_sources: tailwindcss_oxide::scanner: Discovering "D:\\code\\smart-waring-system\\frontend\\src\\app\\logs"
2026-01-22T05:03:52.217306Z  INFO get_globs:scan_sources: tailwindcss_oxide::scanner: Discovering "D:\\code\\smart-waring-system\\frontend\\src\\app\\outbound"
2026-01-22T05:03:52.217525Z  INFO get_globs:scan_sources: tailwindcss_oxide::scanner: Discovering "D:\\code\\smart-waring-system\\frontend\\src\\app\\products"
2026-01-22T05:03:52.217674Z  INFO get_globs:scan_sources: tailwindcss_oxide::scanner: Discovering "D:\\code\\smart-waring-system\\frontend\\src\\app\\products\\new"
2026-01-22T05:03:52.217890Z  INFO get_globs:scan_sources: tailwindcss_oxide::scanner: Discovering "D:\\code\\smart-waring-system\\frontend\\src\\app\\products\\[id]"
2026-01-22T05:03:52.218032Z  INFO get_globs:scan_sources: tailwindcss_oxide::scanner: Discovering "D:\\code\\smart-waring-system\\frontend\\src\\app\\products\\[id]\\edit"
2026-01-22T05:03:52.218286Z  INFO get_globs:scan_sources: tailwindcss_oxide::scanner: Discovering "D:\\code\\smart-waring-system\\frontend\\src\\app\\suppliers"
2026-01-22T05:03:52.218398Z  INFO get_globs:scan_sources: tailwindcss_oxide::scanner: Discovering "D:\\code\\smart-waring-system\\frontend\\src\\app\\suppliers\\new"
2026-01-22T05:03:52.218562Z  INFO get_globs:scan_sources: tailwindcss_oxide::scanner: Discovering "D:\\code\\smart-waring-system\\frontend\\src\\app\\suppliers\\[id]"
2026-01-22T05:03:52.218662Z  INFO get_globs:scan_sources: tailwindcss_oxide::scanner: Discovering "D:\\code\\smart-waring-system\\frontend\\src\\app\\suppliers\\[id]\\edit"
2026-01-22T05:03:52.218839Z  INFO get_globs:scan_sources: tailwindcss_oxide::scanner: Discovering "D:\\code\\smart-waring-system\\frontend\\src\\app\\users"
2026-01-22T05:03:52.218998Z  INFO get_globs:scan_sources: tailwindcss_oxide::scanner: Discovering "D:\\code\\smart-waring-system\\frontend\\src\\components"
2026-01-22T05:03:52.219125Z  INFO get_globs:scan_sources: tailwindcss_oxide::scanner: Discovering "D:\\code\\smart-waring-system\\frontend\\src\\components\\features"
2026-01-22T05:03:52.219454Z  INFO get_globs:scan_sources: tailwindcss_oxide::scanner: Discovering "D:\\code\\smart-waring-system\\frontend\\src\\components\\layout"
2026-01-22T05:03:52.219632Z  INFO get_globs:scan_sources: tailwindcss_oxide::scanner: Discovering "D:\\code\\smart-waring-system\\frontend\\src\\components\\ui"
2026-01-22T05:03:52.219946Z  INFO get_globs:scan_sources: tailwindcss_oxide::scanner: Discovering "D:\\code\\smart-waring-system\\frontend\\src\\hooks"
2026-01-22T05:03:52.220224Z  INFO get_globs:scan_sources: tailwindcss_oxide::scanner: Discovering "D:\\code\\smart-waring-system\\frontend\\src\\lib"
2026-01-22T05:03:52.220420Z  INFO get_globs:scan_sources: tailwindcss_oxide::scanner: Discovering "D:\\code\\smart-waring-system\\frontend\\src\\services"
2026-01-22T05:03:52.220719Z  INFO get_globs:scan_sources: tailwindcss_oxide::scanner: Discovering "D:\\code\\smart-waring-system\\frontend\\src\\stores"
2026-01-22T05:03:52.220870Z  INFO get_globs:scan_sources: tailwindcss_oxide::scanner: Discovering "D:\\code\\smart-waring-system\\frontend\\src\\styles"
2026-01-22T05:03:52.221074Z  INFO get_globs:scan_sources: tailwindcss_oxide::scanner: exit
2026-01-22T05:03:52.225244Z  INFO get_globs: tailwindcss_oxide::scanner: exit
